bi11-3
../../results/bi11-3
225
Newly generated validation samples: 70
[83 83 83 83 83 83 83 83 83 83 83]
cuequivariance or cuequivariance_torch is not available. Cuequivariance acceleration will be disabled.
ðŸ”® Loaded model 25 from ../../results/bi11-3/model_25.pt on device cuda
Start batch simulation
ðŸ§ª Setting up batch 0 to 70
ðŸš€ Starting full trajectory generation for 70 systems
âœ… Saved full trajectory to trajs_bi11-3/bi11-3/bi11-3_10000_steps_all.pkl
Batch trajectory generation complete.

============================= JOB FEEDBACK =============================

Job ID: 3117912
Cluster: hk
User/Group: hv3694/hk-project-aimat2
Account: hk-project-aimat2
State: COMPLETED (exit code 0)
Partition: accelerated
Nodes: 1
Cores per node: 8
Nodelist: hkn0416
CPU Utilized: 04:10:33
CPU Efficiency: 48.06% of 08:41:20 core-walltime
Job Wall-clock time: 01:05:10
Starttime: Tue Apr 29 12:42:27 2025
Endtime: Tue Apr 29 13:47:37 2025
Memory Utilized: 5.10 GB
Memory Efficiency: 0.00% of 0.00 MB
Energy Consumed: 4439378 Joule / 1233.16055555556 Watthours
Average node power draw: 1135.39079283887 Watt
