bi4-2
../../results/bi4-2
225
Newly generated validation samples: 295
[83 83 83 83]
cuequivariance or cuequivariance_torch is not available. Cuequivariance acceleration will be disabled.
ðŸ”® Loaded model 55 from ../../results/bi4-2/model_55.pt on device cuda
Start batch simulation
ðŸ§ª Setting up batch 0 to 200
ðŸš€ Starting full trajectory generation for 200 systems
Step 0 completed.
Step 1000 completed.
Step 2000 completed.
Step 3000 completed.
Step 4000 completed.
Step 5000 completed.
Step 6000 completed.
Step 7000 completed.
Step 8000 completed.
Step 9000 completed.
Batch trajectory generation complete.

============================= JOB FEEDBACK =============================

Job ID: 3122533
Cluster: hk
User/Group: hv3694/hk-project-aimat2
Account: hk-project-aimat2
State: COMPLETED (exit code 0)
Partition: accelerated
Nodes: 1
Cores per node: 8
Nodelist: hkn0621
CPU Utilized: 11:59:21
CPU Efficiency: 50.13% of 23:55:04 core-walltime
Job Wall-clock time: 02:59:23
Starttime: Wed Apr 30 13:23:50 2025
Endtime: Wed Apr 30 16:23:13 2025
Memory Utilized: 9.35 GB
Memory Efficiency: 0.00% of 0.00 MB
Energy Consumed: 13299118 Joule / 3694.19944444444 Watthours
Average node power draw: 1235.63300195113 Watt
