bi7-3
../../results/bi7-3
225
Newly generated validation samples: 2440
[83 83 83 83 83 83 83]
cuequivariance or cuequivariance_torch is not available. Cuequivariance acceleration will be disabled.
ðŸ”® Loaded model 58 from ../../results/bi7-3/model_58.pt on device cuda
Start batch simulation
ðŸ§ª Setting up batch 0 to 200
ðŸš€ Starting full trajectory generation for 200 systems
Step 0 completed.
Step 1000 completed.
Step 2000 completed.
Step 3000 completed.
Step 4000 completed.
Step 5000 completed.
Step 6000 completed.
Step 7000 completed.
Step 8000 completed.
Step 9000 completed.
finished generating batch trajectories
Batch trajectory generation complete and saved.

============================= JOB FEEDBACK =============================

Job ID: 3204943
Cluster: hk
User/Group: hv3694/hk-project-aimat2
Account: hk-project-aimat2
State: COMPLETED (exit code 0)
Partition: accelerated
Nodes: 1
Cores per node: 8
Nodelist: hkn0817
CPU Utilized: 12:10:00
CPU Efficiency: 48.11% of 1-01:17:12 core-walltime
Job Wall-clock time: 03:09:39
Starttime: Mon May 26 13:55:57 2025
Endtime: Mon May 26 17:05:36 2025
Memory Utilized: 9.87 GB
Memory Efficiency: 0.00% of 0.00 MB
Energy Consumed: 9471419 Joule / 2630.94972222222 Watthours
Average node power draw: 832.359521926356 Watt
